// Jest Snapshot v1, https://goo.gl/fbAQLP

exports[`<Footer /> matches snapshot 1`] = `
<section
  class="z-10 h-24 bottom-0 flex flex-row items-center justify-center border-t border-t-zinc-300 bg-zinc-100"
  data-testid="footer-section"
>
  <div
    class="flex flex-col items-center justify-center"
  >
    <button
      class="hover:underline font-display text-sm font-light hover:cursor-pointer active:text-zinc-400"
    >
      Back to top
    </button>
    <a
      class="text-sm font-light font-display self-end mt-3 text-gray-600 underline hover:text-blue-500"
      href="https://www.purpleraspberry.uk/"
      target="_blank"
    >
      Purple Rasberry Photography
    </a>
  </div>
</section>
`;
