// Jest Snapshot v1, https://goo.gl/fbAQLP

exports[`<Menu /> matches snapshot 1`] = `
<div
  class="opacity-90 ease-out transition duration-300 rounded-bl flex flex-col z-20 bg-white fixed w-screen  min-h-screen  right-0 shadow text-2xl"
  data-testid="menu-div"
>
  <div
    class="flex flex-col w-full justify-evenly font-display mt-16"
  >
    <button
      class="py-4 m-4 flex flex-col text-black  items-center justify-center hover:text-amber-500 active:text-amber-400"
    >
      Home
    </button>
    <div>
      <div
        class="py-4 m-4 flex flex-col text-black  items-center justify-center hover:cursor-pointer hover:text-amber-500 active:text-amber-400"
      >
        About
      </div>
    </div>
    <div>
      <div
        class="py-4 m-4 flex flex-col text-black  items-center justify-center hover:cursor-pointer hover:text-amber-500 active:text-amber-400"
      >
        Listen
      </div>
    </div>
    <div>
      <div
        class="py-4 m-4 flex flex-col text-black  items-center justify-center hover:cursor-pointer hover:text-amber-500 active:text-amber-400"
      >
        Gallery
      </div>
    </div>
    <div>
      <div
        class="py-4 m-4 flex flex-col text-black  items-center justify-center hover:cursor-pointer hover:text-amber-500 active:text-amber-400"
      >
        Contact
      </div>
    </div>
  </div>
</div>
`;
